// Vitest Snapshot v1, https://vitest.dev/guide/snapshot.html

exports[`App Snapshots > Snapshot App Default 1`] = `
"<div data-v-7a7a37b1=\\"\\" class=\\"game-container\\">
  <div data-v-7a7a37b1=\\"\\">
    <div data-v-8d32426d=\\"\\" data-v-7a7a37b1=\\"\\" class=\\"categories-container\\">
      <div data-v-15dafa4e=\\"\\" data-v-8d32426d=\\"\\" class=\\"input-container\\"><input data-v-15dafa4e=\\"\\" class=\\"rounded-input\\" placeholder=\\"Enter text here\\" type=\\"text\\"><button data-v-dec1f997=\\"\\" data-v-15dafa4e=\\"\\" class=\\"button\\">+</button></div>
    </div>
  </div>
  <div data-v-7a7a37b1=\\"\\">
    <div data-v-cc4cce50=\\"\\" data-v-7a7a37b1=\\"\\" class=\\"game-list\\"></div>
  </div>
</div>"
`;
